{
    "message":"key: 'Title' Error: Field validation for 'Title' faild on the 'required' tag"
}